// Vitest Snapshot v1, https://vitest.dev/guide/snapshot.html

exports[`should render PageFooter component 1`] = `
{
  "asFragment": [Function],
  "baseElement": <body>
    <div>
      <div
        class="flex flex-col justify-center items-center"
      >
        <div
          class="w-full text-center border p-2 text-gray-500"
        >
          <div>
            All times are in Eastern European Time
          </div>
        </div>
        <a
          class="mt-2 flex flex-col items-center text-center text-decoration-none"
          data-discover="true"
          href="/content"
        >
          <svg
            class="bg-purple-900 text-white w-[30px] h-[30px] rounded-full p-2"
            fill=" white"
            height="1em"
            viewBox="0 0 16 16"
            width="1em"
            xmlns="http://www.w3.org/2000/svg"
          >
            <path
              d="M1.646 4.646a.5.5 0 0 1 .708 0L8 10.293l5.646-5.647a.5.5 0 0 1 .708.708l-6 6a.5.5 0 0 1-.708 0l-6-6a.5.5 0 0 1 0-.708z"
              fill-rule="evenodd"
            />
          </svg>
          <div>
            See more
          </div>
        </a>
      </div>
    </div>
  </body>,
  "container": <div>
    <div
      class="flex flex-col justify-center items-center"
    >
      <div
        class="w-full text-center border p-2 text-gray-500"
      >
        <div>
          All times are in Eastern European Time
        </div>
      </div>
      <a
        class="mt-2 flex flex-col items-center text-center text-decoration-none"
        data-discover="true"
        href="/content"
      >
        <svg
          class="bg-purple-900 text-white w-[30px] h-[30px] rounded-full p-2"
          fill=" white"
          height="1em"
          viewBox="0 0 16 16"
          width="1em"
          xmlns="http://www.w3.org/2000/svg"
        >
          <path
            d="M1.646 4.646a.5.5 0 0 1 .708 0L8 10.293l5.646-5.647a.5.5 0 0 1 .708.708l-6 6a.5.5 0 0 1-.708 0l-6-6a.5.5 0 0 1 0-.708z"
            fill-rule="evenodd"
          />
        </svg>
        <div>
          See more
        </div>
      </a>
    </div>
  </div>,
  "debug": [Function],
  "findAllByAltText": [Function],
  "findAllByDisplayValue": [Function],
  "findAllByLabelText": [Function],
  "findAllByPlaceholderText": [Function],
  "findAllByRole": [Function],
  "findAllByTestId": [Function],
  "findAllByText": [Function],
  "findAllByTitle": [Function],
  "findByAltText": [Function],
  "findByDisplayValue": [Function],
  "findByLabelText": [Function],
  "findByPlaceholderText": [Function],
  "findByRole": [Function],
  "findByTestId": [Function],
  "findByText": [Function],
  "findByTitle": [Function],
  "getAllByAltText": [Function],
  "getAllByDisplayValue": [Function],
  "getAllByLabelText": [Function],
  "getAllByPlaceholderText": [Function],
  "getAllByRole": [Function],
  "getAllByTestId": [Function],
  "getAllByText": [Function],
  "getAllByTitle": [Function],
  "getByAltText": [Function],
  "getByDisplayValue": [Function],
  "getByLabelText": [Function],
  "getByPlaceholderText": [Function],
  "getByRole": [Function],
  "getByTestId": [Function],
  "getByText": [Function],
  "getByTitle": [Function],
  "queryAllByAltText": [Function],
  "queryAllByDisplayValue": [Function],
  "queryAllByLabelText": [Function],
  "queryAllByPlaceholderText": [Function],
  "queryAllByRole": [Function],
  "queryAllByTestId": [Function],
  "queryAllByText": [Function],
  "queryAllByTitle": [Function],
  "queryByAltText": [Function],
  "queryByDisplayValue": [Function],
  "queryByLabelText": [Function],
  "queryByPlaceholderText": [Function],
  "queryByRole": [Function],
  "queryByTestId": [Function],
  "queryByText": [Function],
  "queryByTitle": [Function],
  "rerender": [Function],
  "unmount": [Function],
}
`;
