// Jest Snapshot v1, https://goo.gl/fbAQLP

exports[`should render component 1`] = `
Object {
  "asFragment": [Function],
  "baseElement": <body>
    <div>
      <table
        class="table table-hover table-sm table-responsive-sm"
      >
        <thead
          class="text-secondary"
        >
          <tr>
            <th
              scope="col"
            >
              Club
            </th>
            <th
              scope="col"
            >
              MP
            </th>
            <th
              scope="col"
            >
              W
            </th>
            <th
              scope="col"
            >
              D
            </th>
            <th
              scope="col"
            >
              L
            </th>
            <th
              scope="col"
            >
              GF
            </th>
            <th
              scope="col"
            >
              GA
            </th>
            <th
              scope="col"
            >
              GD
            </th>
            <th
              scope="col"
            >
              Pts
            </th>
            <th
              scope="col"
            >
              Last 5
            </th>
          </tr>
        </thead>
        <tbody>
          <tr>
            <th>
              <span
                class="pr-2"
              >
                1
              </span>
              <img
                src="tottenham-image"
                width="25"
              />
              <span
                class="pl-2"
              >
                Tottenham
              </span>
            </th>
            <td>
              10
            </td>
            <td>
              6
            </td>
            <td>
              3
            </td>
            <td>
              1
            </td>
            <td>
              21
            </td>
            <td>
              9
            </td>
            <td>
              12
            </td>
            <td>
              21
            </td>
            <td>
              <img
                src="draw.svg"
              />
              <img
                src="win.svg"
              />
              <img
                src="win.svg"
              />
              <img
                src="win.svg"
              />
              <img
                src="win.svg"
              />
            </td>
          </tr>
        </tbody>
      </table>
    </div>
  </body>,
  "container": <div>
    <table
      class="table table-hover table-sm table-responsive-sm"
    >
      <thead
        class="text-secondary"
      >
        <tr>
          <th
            scope="col"
          >
            Club
          </th>
          <th
            scope="col"
          >
            MP
          </th>
          <th
            scope="col"
          >
            W
          </th>
          <th
            scope="col"
          >
            D
          </th>
          <th
            scope="col"
          >
            L
          </th>
          <th
            scope="col"
          >
            GF
          </th>
          <th
            scope="col"
          >
            GA
          </th>
          <th
            scope="col"
          >
            GD
          </th>
          <th
            scope="col"
          >
            Pts
          </th>
          <th
            scope="col"
          >
            Last 5
          </th>
        </tr>
      </thead>
      <tbody>
        <tr>
          <th>
            <span
              class="pr-2"
            >
              1
            </span>
            <img
              src="tottenham-image"
              width="25"
            />
            <span
              class="pl-2"
            >
              Tottenham
            </span>
          </th>
          <td>
            10
          </td>
          <td>
            6
          </td>
          <td>
            3
          </td>
          <td>
            1
          </td>
          <td>
            21
          </td>
          <td>
            9
          </td>
          <td>
            12
          </td>
          <td>
            21
          </td>
          <td>
            <img
              src="draw.svg"
            />
            <img
              src="win.svg"
            />
            <img
              src="win.svg"
            />
            <img
              src="win.svg"
            />
            <img
              src="win.svg"
            />
          </td>
        </tr>
      </tbody>
    </table>
  </div>,
  "debug": [Function],
  "findAllByAltText": [Function],
  "findAllByDisplayValue": [Function],
  "findAllByLabelText": [Function],
  "findAllByPlaceholderText": [Function],
  "findAllByRole": [Function],
  "findAllByTestId": [Function],
  "findAllByText": [Function],
  "findAllByTitle": [Function],
  "findByAltText": [Function],
  "findByDisplayValue": [Function],
  "findByLabelText": [Function],
  "findByPlaceholderText": [Function],
  "findByRole": [Function],
  "findByTestId": [Function],
  "findByText": [Function],
  "findByTitle": [Function],
  "getAllByAltText": [Function],
  "getAllByDisplayValue": [Function],
  "getAllByLabelText": [Function],
  "getAllByPlaceholderText": [Function],
  "getAllByRole": [Function],
  "getAllByTestId": [Function],
  "getAllByText": [Function],
  "getAllByTitle": [Function],
  "getByAltText": [Function],
  "getByDisplayValue": [Function],
  "getByLabelText": [Function],
  "getByPlaceholderText": [Function],
  "getByRole": [Function],
  "getByTestId": [Function],
  "getByText": [Function],
  "getByTitle": [Function],
  "queryAllByAltText": [Function],
  "queryAllByDisplayValue": [Function],
  "queryAllByLabelText": [Function],
  "queryAllByPlaceholderText": [Function],
  "queryAllByRole": [Function],
  "queryAllByTestId": [Function],
  "queryAllByText": [Function],
  "queryAllByTitle": [Function],
  "queryByAltText": [Function],
  "queryByDisplayValue": [Function],
  "queryByLabelText": [Function],
  "queryByPlaceholderText": [Function],
  "queryByRole": [Function],
  "queryByTestId": [Function],
  "queryByText": [Function],
  "queryByTitle": [Function],
  "rerender": [Function],
  "unmount": [Function],
}
`;
