// Vitest Snapshot v1, https://vitest.dev/guide/snapshot.html

exports[`should render Table component 1`] = `
{
  "asFragment": [Function],
  "baseElement": <body>
    <div>
      <table
        class="table table-hover table-sm table-responsive-sm"
      >
        <thead
          class="text-secondary"
        >
          <tr>
            <th
              scope="col"
            >
              Club
            </th>
            <th
              scope="col"
            >
              MP
            </th>
            <th
              scope="col"
            >
              W
            </th>
            <th
              scope="col"
            >
              D
            </th>
            <th
              scope="col"
            >
              L
            </th>
            <th
              scope="col"
            >
              GF
            </th>
            <th
              scope="col"
            >
              GA
            </th>
            <th
              scope="col"
            >
              GD
            </th>
            <th
              scope="col"
            >
              Pts
            </th>
            <th
              scope="col"
            >
              Last 5
            </th>
          </tr>
        </thead>
        <tbody>
          <tr>
            <th>
              <span
                class="pr-2"
              >
                1
              </span>
              <img
                src="tottenham-image"
                width="25"
              />
              <span
                class="pl-2"
              >
                Tottenham
              </span>
            </th>
            <td>
              10
            </td>
            <td>
              6
            </td>
            <td>
              3
            </td>
            <td>
              1
            </td>
            <td>
              21
            </td>
            <td>
              9
            </td>
            <td>
              12
            </td>
            <td>
              21
            </td>
            <td>
              <img
                src="data:image/svg+xml,%3c?xml%20version='1.0'%20encoding='UTF-8'?%3e%3csvg%20width='16px'%20height='16px'%20viewBox='0%200%2016%2016'%20version='1.1'%20xmlns='http://www.w3.org/2000/svg'%20xmlns:xlink='http://www.w3.org/1999/xlink'%3e%3cg%20id='Page-1'%20stroke='none'%20stroke-width='1'%20fill='none'%20fill-rule='evenodd'%3e%3cg%20id='Draw'%3e%3ccircle%20id='Oval'%20fill='%239AA0A6'%20cx='8'%20cy='8'%20r='8'%3e%3c/circle%3e%3cpolygon%20id='Path'%20fill='%23FFFFFF'%20points='5%207%2011%207%2011%209%205%209'%3e%3c/polygon%3e%3c/g%3e%3c/g%3e%3c/svg%3e"
              />
              <img
                src="data:image/svg+xml,%3c?xml%20version='1.0'%20encoding='UTF-8'?%3e%3csvg%20width='16px'%20height='16px'%20viewBox='0%200%2016%2016'%20version='1.1'%20xmlns='http://www.w3.org/2000/svg'%20xmlns:xlink='http://www.w3.org/1999/xlink'%3e%3cg%20id='Page-1'%20stroke='none'%20stroke-width='1'%20fill='none'%20fill-rule='evenodd'%3e%3cg%20id='Win'%3e%3ccircle%20id='Oval'%20fill='%233AA757'%20cx='8'%20cy='8'%20r='8'%3e%3c/circle%3e%3cpolygon%20id='Path'%20fill='%23FFFFFF'%20fill-rule='nonzero'%20points='6.4%209.76%204.32%207.68%203.2%208.8%206.4%2012%2012.8%205.6%2011.68%204.48'%3e%3c/polygon%3e%3c/g%3e%3c/g%3e%3c/svg%3e"
              />
              <img
                src="data:image/svg+xml,%3c?xml%20version='1.0'%20encoding='UTF-8'?%3e%3csvg%20width='16px'%20height='16px'%20viewBox='0%200%2016%2016'%20version='1.1'%20xmlns='http://www.w3.org/2000/svg'%20xmlns:xlink='http://www.w3.org/1999/xlink'%3e%3cg%20id='Page-1'%20stroke='none'%20stroke-width='1'%20fill='none'%20fill-rule='evenodd'%3e%3cg%20id='Win'%3e%3ccircle%20id='Oval'%20fill='%233AA757'%20cx='8'%20cy='8'%20r='8'%3e%3c/circle%3e%3cpolygon%20id='Path'%20fill='%23FFFFFF'%20fill-rule='nonzero'%20points='6.4%209.76%204.32%207.68%203.2%208.8%206.4%2012%2012.8%205.6%2011.68%204.48'%3e%3c/polygon%3e%3c/g%3e%3c/g%3e%3c/svg%3e"
              />
              <img
                src="data:image/svg+xml,%3c?xml%20version='1.0'%20encoding='UTF-8'?%3e%3csvg%20width='16px'%20height='16px'%20viewBox='0%200%2016%2016'%20version='1.1'%20xmlns='http://www.w3.org/2000/svg'%20xmlns:xlink='http://www.w3.org/1999/xlink'%3e%3cg%20id='Page-1'%20stroke='none'%20stroke-width='1'%20fill='none'%20fill-rule='evenodd'%3e%3cg%20id='Win'%3e%3ccircle%20id='Oval'%20fill='%233AA757'%20cx='8'%20cy='8'%20r='8'%3e%3c/circle%3e%3cpolygon%20id='Path'%20fill='%23FFFFFF'%20fill-rule='nonzero'%20points='6.4%209.76%204.32%207.68%203.2%208.8%206.4%2012%2012.8%205.6%2011.68%204.48'%3e%3c/polygon%3e%3c/g%3e%3c/g%3e%3c/svg%3e"
              />
              <img
                src="data:image/svg+xml,%3c?xml%20version='1.0'%20encoding='UTF-8'?%3e%3csvg%20width='16px'%20height='16px'%20viewBox='0%200%2016%2016'%20version='1.1'%20xmlns='http://www.w3.org/2000/svg'%20xmlns:xlink='http://www.w3.org/1999/xlink'%3e%3cg%20id='Page-1'%20stroke='none'%20stroke-width='1'%20fill='none'%20fill-rule='evenodd'%3e%3cg%20id='Win'%3e%3ccircle%20id='Oval'%20fill='%233AA757'%20cx='8'%20cy='8'%20r='8'%3e%3c/circle%3e%3cpolygon%20id='Path'%20fill='%23FFFFFF'%20fill-rule='nonzero'%20points='6.4%209.76%204.32%207.68%203.2%208.8%206.4%2012%2012.8%205.6%2011.68%204.48'%3e%3c/polygon%3e%3c/g%3e%3c/g%3e%3c/svg%3e"
              />
            </td>
          </tr>
        </tbody>
      </table>
    </div>
  </body>,
  "container": <div>
    <table
      class="table table-hover table-sm table-responsive-sm"
    >
      <thead
        class="text-secondary"
      >
        <tr>
          <th
            scope="col"
          >
            Club
          </th>
          <th
            scope="col"
          >
            MP
          </th>
          <th
            scope="col"
          >
            W
          </th>
          <th
            scope="col"
          >
            D
          </th>
          <th
            scope="col"
          >
            L
          </th>
          <th
            scope="col"
          >
            GF
          </th>
          <th
            scope="col"
          >
            GA
          </th>
          <th
            scope="col"
          >
            GD
          </th>
          <th
            scope="col"
          >
            Pts
          </th>
          <th
            scope="col"
          >
            Last 5
          </th>
        </tr>
      </thead>
      <tbody>
        <tr>
          <th>
            <span
              class="pr-2"
            >
              1
            </span>
            <img
              src="tottenham-image"
              width="25"
            />
            <span
              class="pl-2"
            >
              Tottenham
            </span>
          </th>
          <td>
            10
          </td>
          <td>
            6
          </td>
          <td>
            3
          </td>
          <td>
            1
          </td>
          <td>
            21
          </td>
          <td>
            9
          </td>
          <td>
            12
          </td>
          <td>
            21
          </td>
          <td>
            <img
              src="data:image/svg+xml,%3c?xml%20version='1.0'%20encoding='UTF-8'?%3e%3csvg%20width='16px'%20height='16px'%20viewBox='0%200%2016%2016'%20version='1.1'%20xmlns='http://www.w3.org/2000/svg'%20xmlns:xlink='http://www.w3.org/1999/xlink'%3e%3cg%20id='Page-1'%20stroke='none'%20stroke-width='1'%20fill='none'%20fill-rule='evenodd'%3e%3cg%20id='Draw'%3e%3ccircle%20id='Oval'%20fill='%239AA0A6'%20cx='8'%20cy='8'%20r='8'%3e%3c/circle%3e%3cpolygon%20id='Path'%20fill='%23FFFFFF'%20points='5%207%2011%207%2011%209%205%209'%3e%3c/polygon%3e%3c/g%3e%3c/g%3e%3c/svg%3e"
            />
            <img
              src="data:image/svg+xml,%3c?xml%20version='1.0'%20encoding='UTF-8'?%3e%3csvg%20width='16px'%20height='16px'%20viewBox='0%200%2016%2016'%20version='1.1'%20xmlns='http://www.w3.org/2000/svg'%20xmlns:xlink='http://www.w3.org/1999/xlink'%3e%3cg%20id='Page-1'%20stroke='none'%20stroke-width='1'%20fill='none'%20fill-rule='evenodd'%3e%3cg%20id='Win'%3e%3ccircle%20id='Oval'%20fill='%233AA757'%20cx='8'%20cy='8'%20r='8'%3e%3c/circle%3e%3cpolygon%20id='Path'%20fill='%23FFFFFF'%20fill-rule='nonzero'%20points='6.4%209.76%204.32%207.68%203.2%208.8%206.4%2012%2012.8%205.6%2011.68%204.48'%3e%3c/polygon%3e%3c/g%3e%3c/g%3e%3c/svg%3e"
            />
            <img
              src="data:image/svg+xml,%3c?xml%20version='1.0'%20encoding='UTF-8'?%3e%3csvg%20width='16px'%20height='16px'%20viewBox='0%200%2016%2016'%20version='1.1'%20xmlns='http://www.w3.org/2000/svg'%20xmlns:xlink='http://www.w3.org/1999/xlink'%3e%3cg%20id='Page-1'%20stroke='none'%20stroke-width='1'%20fill='none'%20fill-rule='evenodd'%3e%3cg%20id='Win'%3e%3ccircle%20id='Oval'%20fill='%233AA757'%20cx='8'%20cy='8'%20r='8'%3e%3c/circle%3e%3cpolygon%20id='Path'%20fill='%23FFFFFF'%20fill-rule='nonzero'%20points='6.4%209.76%204.32%207.68%203.2%208.8%206.4%2012%2012.8%205.6%2011.68%204.48'%3e%3c/polygon%3e%3c/g%3e%3c/g%3e%3c/svg%3e"
            />
            <img
              src="data:image/svg+xml,%3c?xml%20version='1.0'%20encoding='UTF-8'?%3e%3csvg%20width='16px'%20height='16px'%20viewBox='0%200%2016%2016'%20version='1.1'%20xmlns='http://www.w3.org/2000/svg'%20xmlns:xlink='http://www.w3.org/1999/xlink'%3e%3cg%20id='Page-1'%20stroke='none'%20stroke-width='1'%20fill='none'%20fill-rule='evenodd'%3e%3cg%20id='Win'%3e%3ccircle%20id='Oval'%20fill='%233AA757'%20cx='8'%20cy='8'%20r='8'%3e%3c/circle%3e%3cpolygon%20id='Path'%20fill='%23FFFFFF'%20fill-rule='nonzero'%20points='6.4%209.76%204.32%207.68%203.2%208.8%206.4%2012%2012.8%205.6%2011.68%204.48'%3e%3c/polygon%3e%3c/g%3e%3c/g%3e%3c/svg%3e"
            />
            <img
              src="data:image/svg+xml,%3c?xml%20version='1.0'%20encoding='UTF-8'?%3e%3csvg%20width='16px'%20height='16px'%20viewBox='0%200%2016%2016'%20version='1.1'%20xmlns='http://www.w3.org/2000/svg'%20xmlns:xlink='http://www.w3.org/1999/xlink'%3e%3cg%20id='Page-1'%20stroke='none'%20stroke-width='1'%20fill='none'%20fill-rule='evenodd'%3e%3cg%20id='Win'%3e%3ccircle%20id='Oval'%20fill='%233AA757'%20cx='8'%20cy='8'%20r='8'%3e%3c/circle%3e%3cpolygon%20id='Path'%20fill='%23FFFFFF'%20fill-rule='nonzero'%20points='6.4%209.76%204.32%207.68%203.2%208.8%206.4%2012%2012.8%205.6%2011.68%204.48'%3e%3c/polygon%3e%3c/g%3e%3c/g%3e%3c/svg%3e"
            />
          </td>
        </tr>
      </tbody>
    </table>
  </div>,
  "debug": [Function],
  "findAllByAltText": [Function],
  "findAllByDisplayValue": [Function],
  "findAllByLabelText": [Function],
  "findAllByPlaceholderText": [Function],
  "findAllByRole": [Function],
  "findAllByTestId": [Function],
  "findAllByText": [Function],
  "findAllByTitle": [Function],
  "findByAltText": [Function],
  "findByDisplayValue": [Function],
  "findByLabelText": [Function],
  "findByPlaceholderText": [Function],
  "findByRole": [Function],
  "findByTestId": [Function],
  "findByText": [Function],
  "findByTitle": [Function],
  "getAllByAltText": [Function],
  "getAllByDisplayValue": [Function],
  "getAllByLabelText": [Function],
  "getAllByPlaceholderText": [Function],
  "getAllByRole": [Function],
  "getAllByTestId": [Function],
  "getAllByText": [Function],
  "getAllByTitle": [Function],
  "getByAltText": [Function],
  "getByDisplayValue": [Function],
  "getByLabelText": [Function],
  "getByPlaceholderText": [Function],
  "getByRole": [Function],
  "getByTestId": [Function],
  "getByText": [Function],
  "getByTitle": [Function],
  "queryAllByAltText": [Function],
  "queryAllByDisplayValue": [Function],
  "queryAllByLabelText": [Function],
  "queryAllByPlaceholderText": [Function],
  "queryAllByRole": [Function],
  "queryAllByTestId": [Function],
  "queryAllByText": [Function],
  "queryAllByTitle": [Function],
  "queryByAltText": [Function],
  "queryByDisplayValue": [Function],
  "queryByLabelText": [Function],
  "queryByPlaceholderText": [Function],
  "queryByRole": [Function],
  "queryByTestId": [Function],
  "queryByText": [Function],
  "queryByTitle": [Function],
  "rerender": [Function],
  "unmount": [Function],
}
`;
