// Jest Snapshot v1, https://goo.gl/fbAQLP

exports[`should render ContentPage/PageBody component 1`] = `
Object {
  "asFragment": [Function],
  "baseElement": <body>
    <div>
      <div
        class="row no-gutters"
      >
        <div
          class="col-md-12"
        >
          <div
            class="row no-gutters"
          >
            <div
              class="col-md-6 border"
            >
              <div
                class="row no-gutters row-item"
              >
                <div
                  class="col-8 col-md-8 p-2"
                >
                  <div
                    class="row justify-content-center m-1"
                  >
                    <div
                      class="col-2 col-md-2"
                    >
                      <img
                        src="crystal-palace.png"
                        width="25"
                      />
                    </div>
                    <div
                      class="col-8 col-md-8"
                    >
                      Crystal Palace
                    </div>
                    <div
                      class="col-1 col-md-1"
                    >
                      0
                    </div>
                  </div>
                  <div
                    class="row justify-content-center m-1"
                  >
                    <div
                      class="col-2 col-md-2"
                    >
                      <img
                        src="newcastle.png"
                        width="25"
                      />
                    </div>
                    <div
                      class="col-8 col-md-8"
                    >
                      Newcastle
                    </div>
                    <div
                      class="col-1 col-md-1"
                    >
                      2
                    </div>
                  </div>
                </div>
                <div
                  class="col-4 col-md-4 d-flex flex-column justify-content-center text-center"
                >
                  <div>
                    FT
                  </div>
                  <div>
                    Yesterday
                  </div>
                </div>
              </div>
            </div>
            <div
              class="col-md-6 border"
            >
              <div
                class="row no-gutters row-item"
              >
                <div
                  class="col-8 col-md-8 p-2"
                >
                  <div
                    class="row justify-content-center m-1"
                  >
                    <div
                      class="col-2 col-md-2"
                    >
                      <img
                        src="brighton.png"
                        width="25"
                      />
                    </div>
                    <div
                      class="col-8 col-md-8"
                    >
                      Brighton
                    </div>
                    <div
                      class="col-1 col-md-1"
                    >
                      1
                    </div>
                  </div>
                  <div
                    class="row justify-content-center m-1"
                  >
                    <div
                      class="col-2 col-md-2"
                    >
                      <img
                        src="liverpool.png"
                        width="25"
                      />
                    </div>
                    <div
                      class="col-8 col-md-8"
                    >
                      Liverpool
                    </div>
                    <div
                      class="col-1 col-md-1"
                    >
                      3
                    </div>
                  </div>
                </div>
                <div
                  class="col-4 col-md-4 d-flex flex-column justify-content-center text-center"
                >
                  <div>
                    FT
                  </div>
                  <div>
                    Yesterday
                  </div>
                </div>
              </div>
            </div>
          </div>
          <div
            class="row no-gutters"
          >
            <div
              class="col-md-6 border"
            >
              <div
                class="row no-gutters row-item"
              >
                <div
                  class="col-8 col-md-8 p-2"
                >
                  <div
                    class="row justify-content-center m-1"
                  >
                    <div
                      class="col-2 col-md-2"
                    >
                      <img
                        src="man-city.png"
                        width="25"
                      />
                    </div>
                    <div
                      class="col-8 col-md-8"
                    >
                      Man. City
                    </div>
                    <div
                      class="col-1 col-md-1"
                    >
                      2
                    </div>
                  </div>
                  <div
                    class="row justify-content-center m-1"
                  >
                    <div
                      class="col-2 col-md-2"
                    >
                      <img
                        src="burnley.png"
                        width="25"
                      />
                    </div>
                    <div
                      class="col-8 col-md-8"
                    >
                      Burnley
                    </div>
                    <div
                      class="col-1 col-md-1"
                    >
                      1
                    </div>
                  </div>
                </div>
                <div
                  class="col-4 col-md-4 d-flex flex-column justify-content-center text-center"
                >
                  <div>
                    FT
                  </div>
                  <div>
                    Yesterday
                  </div>
                </div>
              </div>
            </div>
            <div
              class="col-md-6 border"
            >
              <div
                class="row no-gutters row-item"
              >
                <div
                  class="col-8 col-md-8 p-2"
                >
                  <div
                    class="row justify-content-center m-1"
                  >
                    <div
                      class="col-2 col-md-2"
                    >
                      <img
                        src="everton.png"
                        width="25"
                      />
                    </div>
                    <div
                      class="col-8 col-md-8"
                    >
                      Everton
                    </div>
                    <div
                      class="col-1 col-md-1"
                    />
                  </div>
                  <div
                    class="row justify-content-center m-1"
                  >
                    <div
                      class="col-2 col-md-2"
                    >
                      <img
                        src="leeds.png"
                        width="25"
                      />
                    </div>
                    <div
                      class="col-8 col-md-8"
                    >
                      Leeds United
                    </div>
                    <div
                      class="col-1 col-md-1"
                    />
                  </div>
                </div>
                <div
                  class="col-4 col-md-4 d-flex flex-column justify-content-center text-center"
                >
                  <div>
                    Today
                  </div>
                  <div>
                    19:30
                  </div>
                </div>
              </div>
            </div>
          </div>
          <div
            class="row no-gutters"
          >
            <div
              class="col-md-6 border"
            >
              <div
                class="row no-gutters row-item"
              >
                <div
                  class="col-8 col-md-8 p-2"
                >
                  <div
                    class="row justify-content-center m-1"
                  >
                    <div
                      class="col-2 col-md-2"
                    >
                      <img
                        src="west-brom.png"
                        width="25"
                      />
                    </div>
                    <div
                      class="col-8 col-md-8"
                    >
                      West Brom
                    </div>
                    <div
                      class="col-1 col-md-1"
                    />
                  </div>
                  <div
                    class="row justify-content-center m-1"
                  >
                    <div
                      class="col-2 col-md-2"
                    >
                      <img
                        src="sheffield.png"
                        width="25"
                      />
                    </div>
                    <div
                      class="col-8 col-md-8"
                    >
                      Sheffield United
                    </div>
                    <div
                      class="col-1 col-md-1"
                    />
                  </div>
                </div>
                <div
                  class="col-4 col-md-4 d-flex flex-column justify-content-center text-center"
                >
                  <div>
                    Today
                  </div>
                  <div>
                    22:00
                  </div>
                </div>
              </div>
            </div>
            <div
              class="col-md-6 border"
            >
              <div
                class="row no-gutters row-item"
              >
                <div
                  class="col-8 col-md-8 p-2"
                >
                  <div
                    class="row justify-content-center m-1"
                  >
                    <div
                      class="col-2 col-md-2"
                    >
                      <img
                        src="southampton.png"
                        width="25"
                      />
                    </div>
                    <div
                      class="col-8 col-md-8"
                    >
                      Southampton
                    </div>
                    <div
                      class="col-1 col-md-1"
                    />
                  </div>
                  <div
                    class="row justify-content-center m-1"
                  >
                    <div
                      class="col-2 col-md-2"
                    >
                      <img
                        src="man-utd.png"
                        width="25"
                      />
                    </div>
                    <div
                      class="col-8 col-md-8"
                    >
                      Man United
                    </div>
                    <div
                      class="col-1 col-md-1"
                    />
                  </div>
                </div>
                <div
                  class="col-4 col-md-4 d-flex flex-column justify-content-center text-center"
                >
                  <div>
                    Tomorrow
                  </div>
                  <div>
                    16:00
                  </div>
                </div>
              </div>
            </div>
          </div>
        </div>
      </div>
    </div>
  </body>,
  "container": <div>
    <div
      class="row no-gutters"
    >
      <div
        class="col-md-12"
      >
        <div
          class="row no-gutters"
        >
          <div
            class="col-md-6 border"
          >
            <div
              class="row no-gutters row-item"
            >
              <div
                class="col-8 col-md-8 p-2"
              >
                <div
                  class="row justify-content-center m-1"
                >
                  <div
                    class="col-2 col-md-2"
                  >
                    <img
                      src="crystal-palace.png"
                      width="25"
                    />
                  </div>
                  <div
                    class="col-8 col-md-8"
                  >
                    Crystal Palace
                  </div>
                  <div
                    class="col-1 col-md-1"
                  >
                    0
                  </div>
                </div>
                <div
                  class="row justify-content-center m-1"
                >
                  <div
                    class="col-2 col-md-2"
                  >
                    <img
                      src="newcastle.png"
                      width="25"
                    />
                  </div>
                  <div
                    class="col-8 col-md-8"
                  >
                    Newcastle
                  </div>
                  <div
                    class="col-1 col-md-1"
                  >
                    2
                  </div>
                </div>
              </div>
              <div
                class="col-4 col-md-4 d-flex flex-column justify-content-center text-center"
              >
                <div>
                  FT
                </div>
                <div>
                  Yesterday
                </div>
              </div>
            </div>
          </div>
          <div
            class="col-md-6 border"
          >
            <div
              class="row no-gutters row-item"
            >
              <div
                class="col-8 col-md-8 p-2"
              >
                <div
                  class="row justify-content-center m-1"
                >
                  <div
                    class="col-2 col-md-2"
                  >
                    <img
                      src="brighton.png"
                      width="25"
                    />
                  </div>
                  <div
                    class="col-8 col-md-8"
                  >
                    Brighton
                  </div>
                  <div
                    class="col-1 col-md-1"
                  >
                    1
                  </div>
                </div>
                <div
                  class="row justify-content-center m-1"
                >
                  <div
                    class="col-2 col-md-2"
                  >
                    <img
                      src="liverpool.png"
                      width="25"
                    />
                  </div>
                  <div
                    class="col-8 col-md-8"
                  >
                    Liverpool
                  </div>
                  <div
                    class="col-1 col-md-1"
                  >
                    3
                  </div>
                </div>
              </div>
              <div
                class="col-4 col-md-4 d-flex flex-column justify-content-center text-center"
              >
                <div>
                  FT
                </div>
                <div>
                  Yesterday
                </div>
              </div>
            </div>
          </div>
        </div>
        <div
          class="row no-gutters"
        >
          <div
            class="col-md-6 border"
          >
            <div
              class="row no-gutters row-item"
            >
              <div
                class="col-8 col-md-8 p-2"
              >
                <div
                  class="row justify-content-center m-1"
                >
                  <div
                    class="col-2 col-md-2"
                  >
                    <img
                      src="man-city.png"
                      width="25"
                    />
                  </div>
                  <div
                    class="col-8 col-md-8"
                  >
                    Man. City
                  </div>
                  <div
                    class="col-1 col-md-1"
                  >
                    2
                  </div>
                </div>
                <div
                  class="row justify-content-center m-1"
                >
                  <div
                    class="col-2 col-md-2"
                  >
                    <img
                      src="burnley.png"
                      width="25"
                    />
                  </div>
                  <div
                    class="col-8 col-md-8"
                  >
                    Burnley
                  </div>
                  <div
                    class="col-1 col-md-1"
                  >
                    1
                  </div>
                </div>
              </div>
              <div
                class="col-4 col-md-4 d-flex flex-column justify-content-center text-center"
              >
                <div>
                  FT
                </div>
                <div>
                  Yesterday
                </div>
              </div>
            </div>
          </div>
          <div
            class="col-md-6 border"
          >
            <div
              class="row no-gutters row-item"
            >
              <div
                class="col-8 col-md-8 p-2"
              >
                <div
                  class="row justify-content-center m-1"
                >
                  <div
                    class="col-2 col-md-2"
                  >
                    <img
                      src="everton.png"
                      width="25"
                    />
                  </div>
                  <div
                    class="col-8 col-md-8"
                  >
                    Everton
                  </div>
                  <div
                    class="col-1 col-md-1"
                  />
                </div>
                <div
                  class="row justify-content-center m-1"
                >
                  <div
                    class="col-2 col-md-2"
                  >
                    <img
                      src="leeds.png"
                      width="25"
                    />
                  </div>
                  <div
                    class="col-8 col-md-8"
                  >
                    Leeds United
                  </div>
                  <div
                    class="col-1 col-md-1"
                  />
                </div>
              </div>
              <div
                class="col-4 col-md-4 d-flex flex-column justify-content-center text-center"
              >
                <div>
                  Today
                </div>
                <div>
                  19:30
                </div>
              </div>
            </div>
          </div>
        </div>
        <div
          class="row no-gutters"
        >
          <div
            class="col-md-6 border"
          >
            <div
              class="row no-gutters row-item"
            >
              <div
                class="col-8 col-md-8 p-2"
              >
                <div
                  class="row justify-content-center m-1"
                >
                  <div
                    class="col-2 col-md-2"
                  >
                    <img
                      src="west-brom.png"
                      width="25"
                    />
                  </div>
                  <div
                    class="col-8 col-md-8"
                  >
                    West Brom
                  </div>
                  <div
                    class="col-1 col-md-1"
                  />
                </div>
                <div
                  class="row justify-content-center m-1"
                >
                  <div
                    class="col-2 col-md-2"
                  >
                    <img
                      src="sheffield.png"
                      width="25"
                    />
                  </div>
                  <div
                    class="col-8 col-md-8"
                  >
                    Sheffield United
                  </div>
                  <div
                    class="col-1 col-md-1"
                  />
                </div>
              </div>
              <div
                class="col-4 col-md-4 d-flex flex-column justify-content-center text-center"
              >
                <div>
                  Today
                </div>
                <div>
                  22:00
                </div>
              </div>
            </div>
          </div>
          <div
            class="col-md-6 border"
          >
            <div
              class="row no-gutters row-item"
            >
              <div
                class="col-8 col-md-8 p-2"
              >
                <div
                  class="row justify-content-center m-1"
                >
                  <div
                    class="col-2 col-md-2"
                  >
                    <img
                      src="southampton.png"
                      width="25"
                    />
                  </div>
                  <div
                    class="col-8 col-md-8"
                  >
                    Southampton
                  </div>
                  <div
                    class="col-1 col-md-1"
                  />
                </div>
                <div
                  class="row justify-content-center m-1"
                >
                  <div
                    class="col-2 col-md-2"
                  >
                    <img
                      src="man-utd.png"
                      width="25"
                    />
                  </div>
                  <div
                    class="col-8 col-md-8"
                  >
                    Man United
                  </div>
                  <div
                    class="col-1 col-md-1"
                  />
                </div>
              </div>
              <div
                class="col-4 col-md-4 d-flex flex-column justify-content-center text-center"
              >
                <div>
                  Tomorrow
                </div>
                <div>
                  16:00
                </div>
              </div>
            </div>
          </div>
        </div>
      </div>
    </div>
  </div>,
  "debug": [Function],
  "findAllByAltText": [Function],
  "findAllByDisplayValue": [Function],
  "findAllByLabelText": [Function],
  "findAllByPlaceholderText": [Function],
  "findAllByRole": [Function],
  "findAllByTestId": [Function],
  "findAllByText": [Function],
  "findAllByTitle": [Function],
  "findByAltText": [Function],
  "findByDisplayValue": [Function],
  "findByLabelText": [Function],
  "findByPlaceholderText": [Function],
  "findByRole": [Function],
  "findByTestId": [Function],
  "findByText": [Function],
  "findByTitle": [Function],
  "getAllByAltText": [Function],
  "getAllByDisplayValue": [Function],
  "getAllByLabelText": [Function],
  "getAllByPlaceholderText": [Function],
  "getAllByRole": [Function],
  "getAllByTestId": [Function],
  "getAllByText": [Function],
  "getAllByTitle": [Function],
  "getByAltText": [Function],
  "getByDisplayValue": [Function],
  "getByLabelText": [Function],
  "getByPlaceholderText": [Function],
  "getByRole": [Function],
  "getByTestId": [Function],
  "getByText": [Function],
  "getByTitle": [Function],
  "queryAllByAltText": [Function],
  "queryAllByDisplayValue": [Function],
  "queryAllByLabelText": [Function],
  "queryAllByPlaceholderText": [Function],
  "queryAllByRole": [Function],
  "queryAllByTestId": [Function],
  "queryAllByText": [Function],
  "queryAllByTitle": [Function],
  "queryByAltText": [Function],
  "queryByDisplayValue": [Function],
  "queryByLabelText": [Function],
  "queryByPlaceholderText": [Function],
  "queryByRole": [Function],
  "queryByTestId": [Function],
  "queryByText": [Function],
  "queryByTitle": [Function],
  "rerender": [Function],
  "unmount": [Function],
}
`;
