// Vitest Snapshot v1, https://vitest.dev/guide/snapshot.html

exports[`should render HomePage/PageHeader component 1`] = `
{
  "asFragment": [Function],
  "baseElement": <body>
    <div>
      <div
        class="page-header w-100"
      >
        <div
          class="row"
        >
          <div
            class="col-2 col-md-1"
          >
            <img
              src="/src/images/pl-logo.png"
            />
          </div>
          <div
            class="col-10"
          >
            <h5
              class="m-0"
            >
              Premier League
            </h5>
            <h5
              class="m-0 matchday-description"
            >
              Matchday 10 of 38
            </h5>
          </div>
        </div>
        <div
          class="row"
        >
          <div
            class="col-md-12 justify-content-between mt-4"
          >
            <div
              class="row flex-nowrap overflow-auto ml-1"
            >
              <a
                class="border-bottom border-white item mx-2"
                data-discover="true"
                href="/content"
              >
                matches
              </a>
              <a
                class="item mx-2"
                data-discover="true"
                href="/content"
              >
                news
              </a>
              <a
                class="item mx-2"
                data-discover="true"
                href="/content"
              >
                standings
              </a>
              <a
                class="item mx-2"
                data-discover="true"
                href="/content"
              >
                stats
              </a>
              <a
                class="item mx-2"
                data-discover="true"
                href="/content"
              >
                players
              </a>
            </div>
          </div>
        </div>
      </div>
    </div>
  </body>,
  "container": <div>
    <div
      class="page-header w-100"
    >
      <div
        class="row"
      >
        <div
          class="col-2 col-md-1"
        >
          <img
            src="/src/images/pl-logo.png"
          />
        </div>
        <div
          class="col-10"
        >
          <h5
            class="m-0"
          >
            Premier League
          </h5>
          <h5
            class="m-0 matchday-description"
          >
            Matchday 10 of 38
          </h5>
        </div>
      </div>
      <div
        class="row"
      >
        <div
          class="col-md-12 justify-content-between mt-4"
        >
          <div
            class="row flex-nowrap overflow-auto ml-1"
          >
            <a
              class="border-bottom border-white item mx-2"
              data-discover="true"
              href="/content"
            >
              matches
            </a>
            <a
              class="item mx-2"
              data-discover="true"
              href="/content"
            >
              news
            </a>
            <a
              class="item mx-2"
              data-discover="true"
              href="/content"
            >
              standings
            </a>
            <a
              class="item mx-2"
              data-discover="true"
              href="/content"
            >
              stats
            </a>
            <a
              class="item mx-2"
              data-discover="true"
              href="/content"
            >
              players
            </a>
          </div>
        </div>
      </div>
    </div>
  </div>,
  "debug": [Function],
  "findAllByAltText": [Function],
  "findAllByDisplayValue": [Function],
  "findAllByLabelText": [Function],
  "findAllByPlaceholderText": [Function],
  "findAllByRole": [Function],
  "findAllByTestId": [Function],
  "findAllByText": [Function],
  "findAllByTitle": [Function],
  "findByAltText": [Function],
  "findByDisplayValue": [Function],
  "findByLabelText": [Function],
  "findByPlaceholderText": [Function],
  "findByRole": [Function],
  "findByTestId": [Function],
  "findByText": [Function],
  "findByTitle": [Function],
  "getAllByAltText": [Function],
  "getAllByDisplayValue": [Function],
  "getAllByLabelText": [Function],
  "getAllByPlaceholderText": [Function],
  "getAllByRole": [Function],
  "getAllByTestId": [Function],
  "getAllByText": [Function],
  "getAllByTitle": [Function],
  "getByAltText": [Function],
  "getByDisplayValue": [Function],
  "getByLabelText": [Function],
  "getByPlaceholderText": [Function],
  "getByRole": [Function],
  "getByTestId": [Function],
  "getByText": [Function],
  "getByTitle": [Function],
  "queryAllByAltText": [Function],
  "queryAllByDisplayValue": [Function],
  "queryAllByLabelText": [Function],
  "queryAllByPlaceholderText": [Function],
  "queryAllByRole": [Function],
  "queryAllByTestId": [Function],
  "queryAllByText": [Function],
  "queryAllByTitle": [Function],
  "queryByAltText": [Function],
  "queryByDisplayValue": [Function],
  "queryByLabelText": [Function],
  "queryByPlaceholderText": [Function],
  "queryByRole": [Function],
  "queryByTestId": [Function],
  "queryByText": [Function],
  "queryByTitle": [Function],
  "rerender": [Function],
  "unmount": [Function],
}
`;
