// Vitest Snapshot v1, https://vitest.dev/guide/snapshot.html

exports[`should render ContentPage/PageHeader component 1`] = `
{
  "asFragment": [Function],
  "baseElement": <body>
    <div>
      <div
        class="flex justify-between items-center bg-purple-900 text-white"
      >
        <div
          class="flex items-center"
        >
          <a
            data-discover="true"
            href="/"
          >
            <svg
              class="bi bi-arrow-left-short"
              fill="white"
              height="2em"
              viewBox="0 0 16 16"
              width="2em"
              xmlns="http://www.w3.org/2000/svg"
            >
              <path
                d="M12 8a.5.5 0 0 1-.5.5H5.707l2.147 2.146a.5.5 0 0 1-.708.708l-3-3a.5.5 0 0 1 0-.708l3-3a.5.5 0 1 1 .708.708L5.707 7.5H11.5a.5.5 0 0 1 .5.5z"
                fill-rule="evenodd"
              />
            </svg>
          </a>
          <div
            class="hidden md:block"
          >
            Premier League
          </div>
        </div>
        <div
          class="flex gap-4 overflow-auto justify-evenly"
        >
          <a
            class="text-decoration-none text-white uppercase border-b-0"
            data-discover="true"
            href="/content/matches"
          >
            matches
          </a>
          <a
            class="text-decoration-none text-white uppercase border-b-0"
            data-discover="true"
            href="/content/news"
          >
            news
          </a>
          <a
            class="text-decoration-none text-white uppercase border-b-0"
            data-discover="true"
            href="/content/standings"
          >
            standings
          </a>
          <a
            class="text-decoration-none text-white uppercase border-b-0"
            data-discover="true"
            href="/content/stats"
          >
            stats
          </a>
          <a
            class="text-decoration-none text-white uppercase border-b-0"
            data-discover="true"
            href="/content/players"
          >
            players
          </a>
        </div>
        <a
          data-discover="true"
          href="/"
        >
          <span
            role="button"
          >
            <svg
              class="bi bi-x"
              fill="white"
              height="2em"
              viewBox="0 0 16 16"
              width="2em"
              xmlns="http://www.w3.org/2000/svg"
            >
              <path
                d="M4.646 4.646a.5.5 0 0 1 .708 0L8 7.293l2.646-2.647a.5.5 0 0 1 .708.708L8.707 8l2.647 2.646a.5.5 0 0 1-.708.708L8 8.707l-2.646 2.647a.5.5 0 0 1-.708-.708L7.293 8 4.646 5.354a.5.5 0 0 1 0-.708z"
                fill-rule="evenodd"
              />
            </svg>
          </span>
        </a>
      </div>
    </div>
  </body>,
  "container": <div>
    <div
      class="flex justify-between items-center bg-purple-900 text-white"
    >
      <div
        class="flex items-center"
      >
        <a
          data-discover="true"
          href="/"
        >
          <svg
            class="bi bi-arrow-left-short"
            fill="white"
            height="2em"
            viewBox="0 0 16 16"
            width="2em"
            xmlns="http://www.w3.org/2000/svg"
          >
            <path
              d="M12 8a.5.5 0 0 1-.5.5H5.707l2.147 2.146a.5.5 0 0 1-.708.708l-3-3a.5.5 0 0 1 0-.708l3-3a.5.5 0 1 1 .708.708L5.707 7.5H11.5a.5.5 0 0 1 .5.5z"
              fill-rule="evenodd"
            />
          </svg>
        </a>
        <div
          class="hidden md:block"
        >
          Premier League
        </div>
      </div>
      <div
        class="flex gap-4 overflow-auto justify-evenly"
      >
        <a
          class="text-decoration-none text-white uppercase border-b-0"
          data-discover="true"
          href="/content/matches"
        >
          matches
        </a>
        <a
          class="text-decoration-none text-white uppercase border-b-0"
          data-discover="true"
          href="/content/news"
        >
          news
        </a>
        <a
          class="text-decoration-none text-white uppercase border-b-0"
          data-discover="true"
          href="/content/standings"
        >
          standings
        </a>
        <a
          class="text-decoration-none text-white uppercase border-b-0"
          data-discover="true"
          href="/content/stats"
        >
          stats
        </a>
        <a
          class="text-decoration-none text-white uppercase border-b-0"
          data-discover="true"
          href="/content/players"
        >
          players
        </a>
      </div>
      <a
        data-discover="true"
        href="/"
      >
        <span
          role="button"
        >
          <svg
            class="bi bi-x"
            fill="white"
            height="2em"
            viewBox="0 0 16 16"
            width="2em"
            xmlns="http://www.w3.org/2000/svg"
          >
            <path
              d="M4.646 4.646a.5.5 0 0 1 .708 0L8 7.293l2.646-2.647a.5.5 0 0 1 .708.708L8.707 8l2.647 2.646a.5.5 0 0 1-.708.708L8 8.707l-2.646 2.647a.5.5 0 0 1-.708-.708L7.293 8 4.646 5.354a.5.5 0 0 1 0-.708z"
              fill-rule="evenodd"
            />
          </svg>
        </span>
      </a>
    </div>
  </div>,
  "debug": [Function],
  "findAllByAltText": [Function],
  "findAllByDisplayValue": [Function],
  "findAllByLabelText": [Function],
  "findAllByPlaceholderText": [Function],
  "findAllByRole": [Function],
  "findAllByTestId": [Function],
  "findAllByText": [Function],
  "findAllByTitle": [Function],
  "findByAltText": [Function],
  "findByDisplayValue": [Function],
  "findByLabelText": [Function],
  "findByPlaceholderText": [Function],
  "findByRole": [Function],
  "findByTestId": [Function],
  "findByText": [Function],
  "findByTitle": [Function],
  "getAllByAltText": [Function],
  "getAllByDisplayValue": [Function],
  "getAllByLabelText": [Function],
  "getAllByPlaceholderText": [Function],
  "getAllByRole": [Function],
  "getAllByTestId": [Function],
  "getAllByText": [Function],
  "getAllByTitle": [Function],
  "getByAltText": [Function],
  "getByDisplayValue": [Function],
  "getByLabelText": [Function],
  "getByPlaceholderText": [Function],
  "getByRole": [Function],
  "getByTestId": [Function],
  "getByText": [Function],
  "getByTitle": [Function],
  "queryAllByAltText": [Function],
  "queryAllByDisplayValue": [Function],
  "queryAllByLabelText": [Function],
  "queryAllByPlaceholderText": [Function],
  "queryAllByRole": [Function],
  "queryAllByTestId": [Function],
  "queryAllByText": [Function],
  "queryAllByTitle": [Function],
  "queryByAltText": [Function],
  "queryByDisplayValue": [Function],
  "queryByLabelText": [Function],
  "queryByPlaceholderText": [Function],
  "queryByRole": [Function],
  "queryByTestId": [Function],
  "queryByText": [Function],
  "queryByTitle": [Function],
  "rerender": [Function],
  "unmount": [Function],
}
`;
