// Vitest Snapshot v1, https://vitest.dev/guide/snapshot.html

exports[`should render News component 1`] = `
{
  "asFragment": [Function],
  "baseElement": <body>
    <div>
      <div
        class="flex flex-col gap-5 items-center mt-3"
      >
        <div
          class="flex items-center border-2 border-gray-400 rounded-md text-center p-1 w-1/2"
        >
          <div
            class="w-4/6 md:w-5/6"
          >
            <a
              href="#/content/news"
            >
              Guardiola rules out new Manchester City signings in January
            </a>
            <div
              class="text-gray-500 text-sm"
            >
              Goal.com
               
              4 days ago
            </div>
          </div>
          <div
            class="w-2/6 md:w-1/6"
          >
            <img
              class="rounded-md"
              src="news1"
            />
          </div>
        </div>
      </div>
    </div>
  </body>,
  "container": <div>
    <div
      class="flex flex-col gap-5 items-center mt-3"
    >
      <div
        class="flex items-center border-2 border-gray-400 rounded-md text-center p-1 w-1/2"
      >
        <div
          class="w-4/6 md:w-5/6"
        >
          <a
            href="#/content/news"
          >
            Guardiola rules out new Manchester City signings in January
          </a>
          <div
            class="text-gray-500 text-sm"
          >
            Goal.com
             
            4 days ago
          </div>
        </div>
        <div
          class="w-2/6 md:w-1/6"
        >
          <img
            class="rounded-md"
            src="news1"
          />
        </div>
      </div>
    </div>
  </div>,
  "debug": [Function],
  "findAllByAltText": [Function],
  "findAllByDisplayValue": [Function],
  "findAllByLabelText": [Function],
  "findAllByPlaceholderText": [Function],
  "findAllByRole": [Function],
  "findAllByTestId": [Function],
  "findAllByText": [Function],
  "findAllByTitle": [Function],
  "findByAltText": [Function],
  "findByDisplayValue": [Function],
  "findByLabelText": [Function],
  "findByPlaceholderText": [Function],
  "findByRole": [Function],
  "findByTestId": [Function],
  "findByText": [Function],
  "findByTitle": [Function],
  "getAllByAltText": [Function],
  "getAllByDisplayValue": [Function],
  "getAllByLabelText": [Function],
  "getAllByPlaceholderText": [Function],
  "getAllByRole": [Function],
  "getAllByTestId": [Function],
  "getAllByText": [Function],
  "getAllByTitle": [Function],
  "getByAltText": [Function],
  "getByDisplayValue": [Function],
  "getByLabelText": [Function],
  "getByPlaceholderText": [Function],
  "getByRole": [Function],
  "getByTestId": [Function],
  "getByText": [Function],
  "getByTitle": [Function],
  "queryAllByAltText": [Function],
  "queryAllByDisplayValue": [Function],
  "queryAllByLabelText": [Function],
  "queryAllByPlaceholderText": [Function],
  "queryAllByRole": [Function],
  "queryAllByTestId": [Function],
  "queryAllByText": [Function],
  "queryAllByTitle": [Function],
  "queryByAltText": [Function],
  "queryByDisplayValue": [Function],
  "queryByLabelText": [Function],
  "queryByPlaceholderText": [Function],
  "queryByRole": [Function],
  "queryByTestId": [Function],
  "queryByText": [Function],
  "queryByTitle": [Function],
  "rerender": [Function],
  "unmount": [Function],
}
`;
