// Vitest Snapshot v1, https://vitest.dev/guide/snapshot.html

exports[`should render Stats component 1`] = `
{
  "asFragment": [Function],
  "baseElement": <body>
    <div>
      <div
        class="flex justify-center mt-3"
      >
        <div
          class="w-1/2"
        >
          <div
            class="flex text-gray-500 border-b"
          >
            <div
              class="w-5/6"
            >
              Players
            </div>
            <div
              class="w-1/6 text-end"
            >
              Goals
            </div>
          </div>
          <div
            class="flex items-center border-b border-gray-400 p-2"
          >
            <div
              class="w-5/6"
            >
              <div
                class="flex gap-2 items-center"
              >
                <div>
                  1
                </div>
                <div
                  class="flex items-center gap-2"
                >
                  <img
                    class="w-[30px] h-[30px]"
                    src="img1"
                  />
                  <div>
                    <div>
                      Dominic Calvert-Lewin
                    </div>
                    <div
                      class="text-gray-500"
                    >
                      Eveton
                    </div>
                  </div>
                </div>
              </div>
            </div>
            <div
              class="w-1/6 text-end"
            >
              10
            </div>
          </div>
        </div>
      </div>
    </div>
  </body>,
  "container": <div>
    <div
      class="flex justify-center mt-3"
    >
      <div
        class="w-1/2"
      >
        <div
          class="flex text-gray-500 border-b"
        >
          <div
            class="w-5/6"
          >
            Players
          </div>
          <div
            class="w-1/6 text-end"
          >
            Goals
          </div>
        </div>
        <div
          class="flex items-center border-b border-gray-400 p-2"
        >
          <div
            class="w-5/6"
          >
            <div
              class="flex gap-2 items-center"
            >
              <div>
                1
              </div>
              <div
                class="flex items-center gap-2"
              >
                <img
                  class="w-[30px] h-[30px]"
                  src="img1"
                />
                <div>
                  <div>
                    Dominic Calvert-Lewin
                  </div>
                  <div
                    class="text-gray-500"
                  >
                    Eveton
                  </div>
                </div>
              </div>
            </div>
          </div>
          <div
            class="w-1/6 text-end"
          >
            10
          </div>
        </div>
      </div>
    </div>
  </div>,
  "debug": [Function],
  "findAllByAltText": [Function],
  "findAllByDisplayValue": [Function],
  "findAllByLabelText": [Function],
  "findAllByPlaceholderText": [Function],
  "findAllByRole": [Function],
  "findAllByTestId": [Function],
  "findAllByText": [Function],
  "findAllByTitle": [Function],
  "findByAltText": [Function],
  "findByDisplayValue": [Function],
  "findByLabelText": [Function],
  "findByPlaceholderText": [Function],
  "findByRole": [Function],
  "findByTestId": [Function],
  "findByText": [Function],
  "findByTitle": [Function],
  "getAllByAltText": [Function],
  "getAllByDisplayValue": [Function],
  "getAllByLabelText": [Function],
  "getAllByPlaceholderText": [Function],
  "getAllByRole": [Function],
  "getAllByTestId": [Function],
  "getAllByText": [Function],
  "getAllByTitle": [Function],
  "getByAltText": [Function],
  "getByDisplayValue": [Function],
  "getByLabelText": [Function],
  "getByPlaceholderText": [Function],
  "getByRole": [Function],
  "getByTestId": [Function],
  "getByText": [Function],
  "getByTitle": [Function],
  "queryAllByAltText": [Function],
  "queryAllByDisplayValue": [Function],
  "queryAllByLabelText": [Function],
  "queryAllByPlaceholderText": [Function],
  "queryAllByRole": [Function],
  "queryAllByTestId": [Function],
  "queryAllByText": [Function],
  "queryAllByTitle": [Function],
  "queryByAltText": [Function],
  "queryByDisplayValue": [Function],
  "queryByLabelText": [Function],
  "queryByPlaceholderText": [Function],
  "queryByRole": [Function],
  "queryByTestId": [Function],
  "queryByText": [Function],
  "queryByTitle": [Function],
  "rerender": [Function],
  "unmount": [Function],
}
`;
