// Vitest Snapshot v1, https://vitest.dev/guide/snapshot.html

exports[`should render HomePage/PageBody component 1`] = `
{
  "asFragment": [Function],
  "baseElement": <body>
    <div>
      <div>
        <div
          class="flex flex-col md:flex-row text-sm md:text-base"
        >
          <div
            class="md:w-1/2 border-b md:border-l md:last:border-r border-gray-400"
          >
            <div
              class="flex justify-between cursor-pointer hover:bg-gray-200"
            >
              <div
                class="p-2 flex flex-col"
              >
                <div
                  class="flex justify-center items-center gap-2 m-1 w-[200px]"
                >
                  <img
                    class="w-[30px] h-[30px]"
                    src="/src/images/crystal-palace.png"
                  />
                  <div
                    class="w-[120px]"
                  >
                    Crystal Palace
                  </div>
                  <div>
                    0
                  </div>
                </div>
                <div
                  class="flex justify-center items-center gap-2 m-1 w-[200px]"
                >
                  <img
                    class="w-[30px] h-[30px]"
                    src="/src/images/newcastle.png"
                  />
                  <div
                    class="w-[120px]"
                  >
                    Newcastle
                  </div>
                  <div>
                    2
                  </div>
                </div>
              </div>
              <div
                class="flex-1"
              >
                <div
                  class="h-full flex flex-col justify-center items-center"
                >
                  <div>
                    FT
                  </div>
                  <div>
                    Yesterday
                  </div>
                </div>
              </div>
            </div>
          </div>
          <div
            class="md:w-1/2 border-b md:border-l md:last:border-r border-gray-400"
          >
            <div
              class="flex justify-between cursor-pointer hover:bg-gray-200"
            >
              <div
                class="p-2 flex flex-col"
              >
                <div
                  class="flex justify-center items-center gap-2 m-1 w-[200px]"
                >
                  <img
                    class="w-[30px] h-[30px]"
                    src="/src/images/everton.png"
                  />
                  <div
                    class="w-[120px]"
                  >
                    Everton
                  </div>
                  <div />
                </div>
                <div
                  class="flex justify-center items-center gap-2 m-1 w-[200px]"
                >
                  <img
                    class="w-[30px] h-[30px]"
                    src="/src/images/leeds.png"
                  />
                  <div
                    class="w-[120px]"
                  >
                    Leeds United
                  </div>
                  <div />
                </div>
              </div>
              <div
                class="flex-1"
              >
                <div
                  class="h-full flex flex-col justify-center items-center"
                >
                  <div>
                    Today
                  </div>
                  <div>
                    19:30
                  </div>
                </div>
              </div>
            </div>
          </div>
        </div>
      </div>
    </div>
  </body>,
  "container": <div>
    <div>
      <div
        class="flex flex-col md:flex-row text-sm md:text-base"
      >
        <div
          class="md:w-1/2 border-b md:border-l md:last:border-r border-gray-400"
        >
          <div
            class="flex justify-between cursor-pointer hover:bg-gray-200"
          >
            <div
              class="p-2 flex flex-col"
            >
              <div
                class="flex justify-center items-center gap-2 m-1 w-[200px]"
              >
                <img
                  class="w-[30px] h-[30px]"
                  src="/src/images/crystal-palace.png"
                />
                <div
                  class="w-[120px]"
                >
                  Crystal Palace
                </div>
                <div>
                  0
                </div>
              </div>
              <div
                class="flex justify-center items-center gap-2 m-1 w-[200px]"
              >
                <img
                  class="w-[30px] h-[30px]"
                  src="/src/images/newcastle.png"
                />
                <div
                  class="w-[120px]"
                >
                  Newcastle
                </div>
                <div>
                  2
                </div>
              </div>
            </div>
            <div
              class="flex-1"
            >
              <div
                class="h-full flex flex-col justify-center items-center"
              >
                <div>
                  FT
                </div>
                <div>
                  Yesterday
                </div>
              </div>
            </div>
          </div>
        </div>
        <div
          class="md:w-1/2 border-b md:border-l md:last:border-r border-gray-400"
        >
          <div
            class="flex justify-between cursor-pointer hover:bg-gray-200"
          >
            <div
              class="p-2 flex flex-col"
            >
              <div
                class="flex justify-center items-center gap-2 m-1 w-[200px]"
              >
                <img
                  class="w-[30px] h-[30px]"
                  src="/src/images/everton.png"
                />
                <div
                  class="w-[120px]"
                >
                  Everton
                </div>
                <div />
              </div>
              <div
                class="flex justify-center items-center gap-2 m-1 w-[200px]"
              >
                <img
                  class="w-[30px] h-[30px]"
                  src="/src/images/leeds.png"
                />
                <div
                  class="w-[120px]"
                >
                  Leeds United
                </div>
                <div />
              </div>
            </div>
            <div
              class="flex-1"
            >
              <div
                class="h-full flex flex-col justify-center items-center"
              >
                <div>
                  Today
                </div>
                <div>
                  19:30
                </div>
              </div>
            </div>
          </div>
        </div>
      </div>
    </div>
  </div>,
  "debug": [Function],
  "findAllByAltText": [Function],
  "findAllByDisplayValue": [Function],
  "findAllByLabelText": [Function],
  "findAllByPlaceholderText": [Function],
  "findAllByRole": [Function],
  "findAllByTestId": [Function],
  "findAllByText": [Function],
  "findAllByTitle": [Function],
  "findByAltText": [Function],
  "findByDisplayValue": [Function],
  "findByLabelText": [Function],
  "findByPlaceholderText": [Function],
  "findByRole": [Function],
  "findByTestId": [Function],
  "findByText": [Function],
  "findByTitle": [Function],
  "getAllByAltText": [Function],
  "getAllByDisplayValue": [Function],
  "getAllByLabelText": [Function],
  "getAllByPlaceholderText": [Function],
  "getAllByRole": [Function],
  "getAllByTestId": [Function],
  "getAllByText": [Function],
  "getAllByTitle": [Function],
  "getByAltText": [Function],
  "getByDisplayValue": [Function],
  "getByLabelText": [Function],
  "getByPlaceholderText": [Function],
  "getByRole": [Function],
  "getByTestId": [Function],
  "getByText": [Function],
  "getByTitle": [Function],
  "queryAllByAltText": [Function],
  "queryAllByDisplayValue": [Function],
  "queryAllByLabelText": [Function],
  "queryAllByPlaceholderText": [Function],
  "queryAllByRole": [Function],
  "queryAllByTestId": [Function],
  "queryAllByText": [Function],
  "queryAllByTitle": [Function],
  "queryByAltText": [Function],
  "queryByDisplayValue": [Function],
  "queryByLabelText": [Function],
  "queryByPlaceholderText": [Function],
  "queryByRole": [Function],
  "queryByTestId": [Function],
  "queryByText": [Function],
  "queryByTitle": [Function],
  "rerender": [Function],
  "unmount": [Function],
}
`;
